// Jest Snapshot v1, https://goo.gl/fbAQLP

exports[`<TextInput /> should macth the snapshot 1`] = `
<input
  class="text-input"
  placeholder="Type your search here..."
  type="search"
  value=""
/>
`;
